Welcome to Git (version 1.9.5-preview20141217)


Run 'git help git' to display the help index.
Run 'git help <command>' to display help for specific commands.

VENKAT@VENKAT-ACER /C/Users/VENKAT/Documents/New folder/DynamicProgramming (master)
$ git init
Initialized empty Git repository in c:/Users/VENKAT/Documents/New folder/Dynamic
Programming/.git/

VENKAT@VENKAT-ACER /C/Users/VENKAT/Documents/New folder/DynamicProgramming (master)
$ git remote add origin https://github.com/venkatkondeti/Dynamic-programming.git

VENKAT@VENKAT-ACER /C/Users/VENKAT/Documents/New folder/DynamicProgramming (master)
$ git pull
remote: Counting objects: 9, done.
remote: Total 9 (delta 0), reused 0 (delta 0), pack-reused 9
Unpacking objects: 100% (9/9), done.
From https://github.com/venkatkondeti/Dynamic-programming
 * [new branch]      master     -> origin/master
There is no tracking information for the current branch.
Please specify which branch you want to merge with.
See git-pull(1) for details

    git pull <remote> <branch>

If you wish to set tracking information for this branch you can do so with:

    git branch --set-upstream-to=origin/<branch> master


VENKAT@VENKAT-ACER /C/Users/VENKAT/Documents/New folder/DynamicProgramming (master)
$ git config --global user.name "venkatkondeti"

VENKAT@VENKAT-ACER /C/Users/VENKAT/Documents/New folder/DynamicProgramming (master)
$ git config --global user.email "venkatarao.kondeti@gmail.com"

VENKAT@VENKAT-ACER /C/Users/VENKAT/Documents/New folder/DynamicProgramming (master)
$ git pull
There is no tracking information for the current branch.
Please specify which branch you want to merge with.
See git-pull(1) for details

    git pull <remote> <branch>

If you wish to set tracking information for this branch you can do so with:

    git branch --set-upstream-to=origin/<branch> master


VENKAT@VENKAT-ACER /C/Users/VENKAT/Documents/New folder/DynamicProgramming (master)
$ git pull origin https://github.com/venkatkondeti/Dynamic-programming.git
fatal: Invalid refspec 'https://github.com/venkatkondeti/Dynamic-programming.git
'

VENKAT@VENKAT-ACER /C/Users/VENKAT/Documents/New folder/DynamicProgramming (master)
$ git remote add origin https://github.com/venkatkondeti/Dynamic-programming.git
fatal: remote origin already exists.

VENKAT@VENKAT-ACER /C/Users/VENKAT/Documents/New folder/DynamicProgramming (master)
$ git pull origin master
From https://github.com/venkatkondeti/Dynamic-programming
 * branch            master     -> FETCH_HEAD

VENKAT@VENKAT-ACER /C/Users/VENKAT/Documents/New folder/DynamicProgramming (master)
$ git add .

VENKAT@VENKAT-ACER /C/Users/VENKAT/Documents/New folder/DynamicProgramming (master)
$ git status
On branch master
Changes to be committed:
  (use "git reset HEAD <file>..." to unstage)

        new file:   .classpath
        new file:   .project
        new file:   .settings/org.eclipse.jdt.core.prefs
        new file:   bin/com/dp/EditDistance.class
        new file:   bin/com/dp/LongestCommonSubsequence.class
        new file:   bin/com/dp/LongestIncreasingSubsequence.class
        new file:   bin/com/dp/MinCostPath.class
        new file:   src/com/dp/EditDistance.java
        new file:   src/com/dp/LongestCommonSubsequence.java
        new file:   src/com/dp/LongestIncreasingSubsequence.java
        new file:   src/com/dp/MinCostPath.java


VENKAT@VENKAT-ACER /C/Users/VENKAT/Documents/New folder/DynamicProgramming (master)
$ git commit src/com/* -m "commiting only java files"
[master 93dc69a] commiting only java files
 4 files changed, 114 insertions(+)
 create mode 100644 src/com/dp/EditDistance.java
 create mode 100644 src/com/dp/LongestCommonSubsequence.java
 create mode 100644 src/com/dp/LongestIncreasingSubsequence.java
 create mode 100644 src/com/dp/MinCostPath.java

VENKAT@VENKAT-ACER /C/Users/VENKAT/Documents/New folder/DynamicProgramming (master)
$ git push
fatal: The current branch master has no upstream branch.
To push the current branch and set the remote as upstream, use

    git push --set-upstream origin master


VENKAT@VENKAT-ACER /C/Users/VENKAT/Documents/New folder/DynamicProgramming (master)
$ git push -u origin master
Username for 'https://github.com': venkatkondeti
Password for 'https://venkatkondeti@github.com':
Counting objects: 10, done.
Delta compression using up to 4 threads.
Compressing objects: 100% (7/7), done.
Writing objects: 100% (9/9), 1.62 KiB | 0 bytes/s, done.
Total 9 (delta 1), reused 0 (delta 0)
To https://github.com/venkatkondeti/Dynamic-programming.git
   863da3c..93dc69a  master -> master
Branch master set up to track remote branch master from origin.

VENKAT@VENKAT-ACER /C/Users/VENKAT/Documents/New folder/DynamicProgramming (master)
$
